# Comment 01
---
# Comment 02
---
# Comment 03
# Comment 04
# Comment 05
# Comment 06
# Comment 07
# Comment 08
# Comment 09
# Comment 10
# Comment 11
# Comment 12
# Comment 13
# Comment 14